export const snapshot = {};

snapshot[`Wait for function 1`] = `undefined`;
